testdata/test0001.jcl
testdata/test0002.jcl
testdata/test0003.jcl
testdata/test0004.jcl
testdata/test0005.jcl
testdata/test0006.jcl
testdata/test0007.jcl
testdata/test0008.jcl
testdata/test0009.jcl
testdata/test0010.jcl
testdata/test0011.jcl
testdata/test0012.jcl
testdata/test0013.jcl
testdata/test0014.jcl
testdata/test0015.jcl
testdata/test0016.jcl
testdata/test0017.jcl
testdata/test0018.jcl
testdata/test0019.jcl
testdata/test0020.jcl
testdata/test0021.jcl
testdata/test0022.jcl
testdata/test0023.jcl
testdata/test0024.jcl
testdata/test0025.jcl
testdata/test0026.jcl
testdata/test0027.jcl
testdata/test0028.jcl
testdata/test0029.jcl
testdata/test0030.jcl
testdata/test0031.jcl
testdata/test0032.jcl
testdata/test0033.jcl
testdata/test0034.jcl
testdata/test0035.jcl
testdata/test0036.jcl
testdata/test0037.jcl
testdata/test0038.jcl
testdata/test0039.jcl
testdata/test0040.jcl
testdata/test0041.jcl
testdata/test0042.jcl
testdata/test0043.jcl
testdata/test0044.jcl
testdata/test0045.jcl
testdata/test0046.jcl
testdata/test0047.jcl
testdata/test0048.jcl
testdata/test0049.jcl
testdata/test0050.jcl
testdata/test0051.jcl
testdata/test0052.jcl
testdata/test0053.jcl
testdata/test0054.jcl
testdata/test0055.jcl
testdata/test0056.jcl
testdata/test0057.jcl
testdata/test0058.jcl
testdata/test0059.jcl
testdata/test0060.jcl
testdata/test0061.jcl
testdata/test0062.jcl
testdata/test0063.jcl
testdata/test0064.jcl
testdata/test0065.jcl
testdata/test0066.jcl
testdata/test0067.jcl
testdata/test0068.jcl
testdata/test0069.jcl
testdata/test0070.jcl
testdata/test0071.jcl
testdata/test0072.jcl
testdata/test0073.jcl
testdata/test0074.jcl
testdata/test0075.jcl
testdata/test0076.jcl
testdata/test0077.jcl
testdata/test0078.jcl
testdata/test0079.jcl
testdata/test0080.jcl
testdata/test0081.jcl
testdata/test0082.jcl
testdata/test0083.jcl
testdata/test0084.jcl
testdata/test0085.jcl
testdata/test0086.jcl
testdata/test0087.jcl
testdata/test0088.jcl
testdata/test0089.jcl
testdata/test0090.jcl
testdata/test0091.jcl
testdata/test0092.jcl
testdata/test0093.jcl
testdata/test0094.jcl
testdata/test0095.jcl
testdata/test0096.jcl
testdata/test0097.jcl
testdata/test0098.jcl
testdata/test0099.jcl
testdata/test0100.jcl
testdata/test0101.jcl
testdata/test0102.jcl
testdata/test0103.jcl
testdata/test0104.jcl
testdata/test0105.jcl
testdata/test0106.jcl
testdata/test0107.jcl
testdata/test0108.jcl
testdata/test0109.jcl
testdata/test0110.jcl
testdata/test0111.jcl
testdata/test0112.jcl
testdata/test0113.jcl
testdata/test0114.jcl
testdata/test0115.jcl
testdata/test0116.jcl
testdata/test0117.jcl
testdata/test0118.jcl
testdata/test0119.jcl
testdata/test0120.jcl
testdata/test0121.jcl
testdata/test0122.jcl
testdata/test0123.jcl
testdata/test0124.jcl
testdata/test0125.jcl
testdata/test0126.jcl
testdata/test0127.jcl
testdata/test0128.jcl
testdata/test0129.jcl
testdata/test0130.jcl
testdata/test0131.jcl
testdata/test0132.jcl
testdata/test0133.jcl
testdata/test0134.jcl
testdata/test0135.jcl
testdata/test0136.jcl
testdata/test0137.jcl
testdata/test0138.jcl
testdata/test0139.jcl
testdata/test0140.jcl
testdata/test0141.jcl
testdata/test0142.jcl
testdata/test0143.jcl
testdata/test0144.jcl
testdata/test0145.jcl
testdata/test0146.jcl
testdata/test0147.jcl
testdata/test0148.jcl
testdata/test0149.jcl
testdata/test0150.jcl
testdata/test0151.jcl
testdata/test0152.jcl
testdata/test0153.jcl
testdata/test0154.jcl
testdata/test0155.jcl
testdata/test0156.jcl
testdata/test0157.jcl
testdata/test0158.jcl
testdata/test0159.jcl
testdata/test0160.jcl
testdata/test0161.jcl
testdata/test0162.jcl
testdata/test0163.jcl
testdata/test0164.jcl
testdata/test0165.jcl
testdata/test0166.jcl
testdata/test0167.jcl
testdata/test0168.jcl
testdata/test0169.jcl
testdata/test0170.jcl
testdata/test9001.jcl
testdata/test9002.jcl
testdata/test9003.jcl
testdata/test9004.jcl
testdata/test9005.jcl
testdata/test9006.jcl
testdata/test9007.jcl
testdata/test9008.jcl
testdata/test9009.jcl
testdata/test9010.jcl
